2022/06/01 12:36:26 [notice] 1#1: using the "epoll" event method
2022/06/01 12:36:26 [notice] 1#1: nginx/1.21.6
2022/06/01 12:36:26 [notice] 1#1: built by gcc 10.2.1 20210110 (Debian 10.2.1-6) 
2022/06/01 12:36:26 [notice] 1#1: OS: Linux 5.4.0-109-generic
2022/06/01 12:36:26 [notice] 1#1: getrlimit(RLIMIT_NOFILE): 1048576:1048576
2022/06/01 12:36:26 [notice] 1#1: start worker processes
2022/06/01 12:36:26 [notice] 1#1: start worker process 23
2022/06/01 12:37:03 [error] 23#23: *2 open() "/usr/share/nginx/html/favicon.ico" failed (2: No such file or directory), client: 203.166.220.189, server: localhost, request: "GET /favicon.ico HTTP/1.1", host: "www.dgphb.com", referrer: "http://www.dgphb.com/"
2022/06/01 12:37:38 [error] 23#23: *4 open() "/usr/share/nginx/html/robots.txt" failed (2: No such file or directory), client: 66.249.68.32, server: localhost, request: "GET /robots.txt HTTP/1.1", host: "896.dgphb.com"
2022/06/01 12:37:44 [error] 23#23: *1 FastCGI sent in stderr: "Primary script unknown" while reading response header from upstream, client: 203.166.220.189, server: localhost, request: "GET /info.php HTTP/1.1", upstream: "fastcgi://172.18.0.2:9000", host: "www.dgphb.com"
2022/06/01 12:39:20 [error] 23#23: *7 FastCGI sent in stderr: "Primary script unknown" while reading response header from upstream, client: 203.166.220.189, server: localhost, request: "GET /info.php HTTP/1.1", upstream: "fastcgi://172.18.0.2:9000", host: "www.dgphb.com"
2022/06/01 12:41:39 [error] 23#23: *10 open() "/usr/share/nginx/html/a.html" failed (2: No such file or directory), client: 203.166.220.189, server: localhost, request: "GET /a.html HTTP/1.1", host: "www.dgphb.com"
2022/06/01 12:45:54 [notice] 1#1: signal 3 (SIGQUIT) received, shutting down
2022/06/01 12:45:54 [notice] 23#23: gracefully shutting down
2022/06/01 12:45:54 [notice] 23#23: exiting
2022/06/01 12:45:54 [notice] 23#23: exit
2022/06/01 12:45:54 [notice] 1#1: signal 17 (SIGCHLD) received from 23
2022/06/01 12:45:54 [notice] 1#1: worker process 23 exited with code 0
2022/06/01 12:45:54 [notice] 1#1: exit
2022/06/01 12:45:59 [notice] 1#1: using the "epoll" event method
2022/06/01 12:45:59 [notice] 1#1: nginx/1.21.6
2022/06/01 12:45:59 [notice] 1#1: built by gcc 10.2.1 20210110 (Debian 10.2.1-6) 
2022/06/01 12:45:59 [notice] 1#1: OS: Linux 5.4.0-109-generic
2022/06/01 12:45:59 [notice] 1#1: getrlimit(RLIMIT_NOFILE): 1048576:1048576
2022/06/01 12:45:59 [notice] 1#1: start worker processes
2022/06/01 12:45:59 [notice] 1#1: start worker process 23
2022/06/01 12:49:05 [error] 23#23: *14 open() "/usr/share/nginx/html/favicon.ico" failed (2: No such file or directory), client: 203.166.220.189, server: localhost, request: "GET /favicon.ico HTTP/1.1", host: "159.75.219.167", referrer: "http://159.75.219.167/"
2022/06/01 12:49:13 [error] 23#23: *13 FastCGI sent in stderr: "Primary script unknown" while reading response header from upstream, client: 203.166.220.189, server: localhost, request: "GET /info.php HTTP/1.1", upstream: "fastcgi://172.19.0.2:9000", host: "159.75.219.167"
2022/06/01 12:50:52 [error] 23#23: *17 FastCGI sent in stderr: "Primary script unknown" while reading response header from upstream, client: 172.19.0.1, server: localhost, request: "GET /info.php HTTP/1.1", upstream: "fastcgi://172.19.0.2:9000", host: "localhost"
2022/06/01 12:57:37 [notice] 1#1: signal 3 (SIGQUIT) received, shutting down
2022/06/01 12:57:37 [notice] 23#23: gracefully shutting down
2022/06/01 12:57:37 [notice] 23#23: exiting
2022/06/01 12:57:37 [notice] 23#23: exit
2022/06/01 12:57:37 [notice] 1#1: signal 17 (SIGCHLD) received from 23
2022/06/01 12:57:37 [notice] 1#1: worker process 23 exited with code 0
2022/06/01 12:57:37 [notice] 1#1: exit
2022/06/01 12:57:38 [notice] 1#1: using the "epoll" event method
2022/06/01 12:57:38 [notice] 1#1: nginx/1.21.6
2022/06/01 12:57:38 [notice] 1#1: built by gcc 10.2.1 20210110 (Debian 10.2.1-6) 
2022/06/01 12:57:38 [notice] 1#1: OS: Linux 5.4.0-109-generic
2022/06/01 12:57:38 [notice] 1#1: getrlimit(RLIMIT_NOFILE): 1048576:1048576
2022/06/01 12:57:38 [notice] 1#1: start worker processes
2022/06/01 12:57:38 [notice] 1#1: start worker process 23
2022/06/01 12:57:43 [error] 23#23: *1 FastCGI sent in stderr: "Primary script unknown" while reading response header from upstream, client: 203.166.220.189, server: localhost, request: "GET /info.php HTTP/1.1", upstream: "fastcgi://172.19.0.2:9000", host: "159.75.219.167"
2022/06/01 12:59:11 [notice] 1#1: signal 3 (SIGQUIT) received, shutting down
2022/06/01 12:59:11 [notice] 23#23: gracefully shutting down
2022/06/01 12:59:11 [notice] 23#23: exiting
2022/06/01 12:59:11 [notice] 23#23: exit
2022/06/01 12:59:11 [notice] 1#1: signal 17 (SIGCHLD) received from 23
2022/06/01 12:59:11 [notice] 1#1: worker process 23 exited with code 0
2022/06/01 12:59:11 [notice] 1#1: exit
2022/06/01 12:59:15 [notice] 1#1: using the "epoll" event method
2022/06/01 12:59:15 [notice] 1#1: nginx/1.21.6
2022/06/01 12:59:15 [notice] 1#1: built by gcc 10.2.1 20210110 (Debian 10.2.1-6) 
2022/06/01 12:59:15 [notice] 1#1: OS: Linux 5.4.0-109-generic
2022/06/01 12:59:15 [notice] 1#1: getrlimit(RLIMIT_NOFILE): 1048576:1048576
2022/06/01 12:59:15 [notice] 1#1: start worker processes
2022/06/01 12:59:15 [notice] 1#1: start worker process 23
2022/06/01 12:59:24 [error] 23#23: *1 FastCGI sent in stderr: "Primary script unknown" while reading response header from upstream, client: 203.166.220.189, server: localhost, request: "GET /info.php HTTP/1.1", upstream: "fastcgi://172.20.0.2:9000", host: "159.75.219.167"
2022/06/01 13:00:08 [error] 23#23: *4 open() "/usr/share/nginx/html/robots.txt" failed (2: No such file or directory), client: 66.249.79.47, server: localhost, request: "GET /robots.txt HTTP/1.1", host: "m.8570.dgphb.com"
2022/06/01 13:01:15 [error] 23#23: *6 open() "/usr/share/nginx/html/a.html" failed (2: No such file or directory), client: 203.166.220.189, server: localhost, request: "GET /a.html HTTP/1.1", host: "159.75.219.167"
2022/06/01 13:03:33 [error] 23#23: *8 FastCGI sent in stderr: "Primary script unknown" while reading response header from upstream, client: 203.166.220.189, server: localhost, request: "GET /info.php HTTP/1.1", upstream: "fastcgi://172.20.0.2:9000", host: "159.75.219.167"
2022/06/01 13:05:42 [notice] 1#1: signal 3 (SIGQUIT) received, shutting down
2022/06/01 13:05:42 [notice] 23#23: gracefully shutting down
2022/06/01 13:05:42 [notice] 23#23: exiting
2022/06/01 13:05:42 [notice] 23#23: exit
2022/06/01 13:05:42 [notice] 1#1: signal 17 (SIGCHLD) received from 23
2022/06/01 13:05:42 [notice] 1#1: worker process 23 exited with code 0
2022/06/01 13:05:42 [notice] 1#1: exit
2022/06/01 13:05:46 [notice] 1#1: using the "epoll" event method
2022/06/01 13:05:46 [notice] 1#1: nginx/1.21.6
2022/06/01 13:05:46 [notice] 1#1: built by gcc 10.2.1 20210110 (Debian 10.2.1-6) 
2022/06/01 13:05:46 [notice] 1#1: OS: Linux 5.4.0-109-generic
2022/06/01 13:05:46 [notice] 1#1: getrlimit(RLIMIT_NOFILE): 1048576:1048576
2022/06/01 13:05:46 [notice] 1#1: start worker processes
2022/06/01 13:05:46 [notice] 1#1: start worker process 23
2022/06/01 13:07:04 [error] 23#23: *4 open() "/usr/share/nginx/html/favicon.ico" failed (2: No such file or directory), client: 223.104.68.44, server: localhost, request: "GET /favicon.ico HTTP/1.1", host: "159.75.219.167", referrer: "http://159.75.219.167/info.php"
2022/06/01 13:07:09 [error] 23#23: *6 open() "/usr/share/nginx/html/favicon.ico" failed (2: No such file or directory), client: 223.104.68.44, server: localhost, request: "GET /favicon.ico HTTP/1.1", host: "159.75.219.167", referrer: "http://159.75.219.167/info.php"
2022/06/01 13:07:15 [error] 23#23: *10 directory index of "/usr/share/nginx/html/" is forbidden, client: 180.163.220.67, server: localhost, request: "GET / HTTP/1.1", host: "159.75.219.167", referrer: "http://baidu.com/"
2022/06/01 13:07:22 [error] 23#23: *12 directory index of "/usr/share/nginx/html/" is forbidden, client: 42.236.10.75, server: localhost, request: "GET / HTTP/1.1", host: "159.75.219.167", referrer: "http://baidu.com/"
2022/06/01 13:10:32 [notice] 1#1: signal 3 (SIGQUIT) received, shutting down
2022/06/01 13:10:32 [notice] 23#23: gracefully shutting down
2022/06/01 13:10:32 [notice] 23#23: exiting
2022/06/01 13:10:32 [notice] 23#23: exit
2022/06/01 13:10:32 [notice] 1#1: signal 17 (SIGCHLD) received from 23
2022/06/01 13:10:32 [notice] 1#1: worker process 23 exited with code 0
2022/06/01 13:10:32 [notice] 1#1: exit
2022/06/01 13:10:37 [notice] 1#1: using the "epoll" event method
2022/06/01 13:10:37 [notice] 1#1: nginx/1.21.6
2022/06/01 13:10:37 [notice] 1#1: built by gcc 10.2.1 20210110 (Debian 10.2.1-6) 
2022/06/01 13:10:37 [notice] 1#1: OS: Linux 5.4.0-109-generic
2022/06/01 13:10:37 [notice] 1#1: getrlimit(RLIMIT_NOFILE): 1048576:1048576
2022/06/01 13:10:37 [notice] 1#1: start worker processes
2022/06/01 13:10:37 [notice] 1#1: start worker process 23
2022/06/01 13:10:41 [error] 23#23: *2 FastCGI sent in stderr: "Primary script unknown" while reading response header from upstream, client: 203.166.220.189, server: localhost, request: "GET /info.php HTTP/1.1", upstream: "fastcgi://172.22.0.2:9000", host: "159.75.219.167"
2022/06/01 13:10:43 [error] 23#23: *4 directory index of "/usr/share/nginx/html/" is forbidden, client: 36.99.136.143, server: localhost, request: "GET / HTTP/1.1", host: "www.dgphb.com"
2022/06/01 13:10:43 [error] 23#23: *5 directory index of "/usr/share/nginx/html/" is forbidden, client: 36.99.136.142, server: localhost, request: "GET / HTTP/1.1", host: "www.dgphb.com"
2022/06/01 13:10:47 [error] 23#23: *2 FastCGI sent in stderr: "Primary script unknown" while reading response header from upstream, client: 203.166.220.189, server: localhost, request: "GET /info.php HTTP/1.1", upstream: "fastcgi://172.22.0.2:9000", host: "159.75.219.167"
2022/06/01 13:10:50 [error] 23#23: *2 FastCGI sent in stderr: "Primary script unknown" while reading response header from upstream, client: 203.166.220.189, server: localhost, request: "GET /info.php HTTP/1.1", upstream: "fastcgi://172.22.0.2:9000", host: "159.75.219.167"
2022/06/01 13:11:23 [error] 23#23: *8 open() "/usr/share/nginx/html/robots.txt" failed (2: No such file or directory), client: 66.249.79.46, server: localhost, request: "GET /robots.txt HTTP/1.1", host: "m.114677.dgphb.com"
2022/06/01 13:11:24 [error] 23#23: *9 directory index of "/usr/share/nginx/html/" is forbidden, client: 66.249.79.46, server: localhost, request: "GET / HTTP/1.1", host: "m.114677.dgphb.com"
2022/06/01 13:12:42 [notice] 1#1: signal 3 (SIGQUIT) received, shutting down
2022/06/01 13:12:42 [notice] 23#23: gracefully shutting down
2022/06/01 13:12:42 [notice] 23#23: exiting
2022/06/01 13:12:42 [notice] 23#23: exit
2022/06/01 13:12:42 [notice] 1#1: signal 17 (SIGCHLD) received from 23
2022/06/01 13:12:42 [notice] 1#1: worker process 23 exited with code 0
2022/06/01 13:12:42 [notice] 1#1: exit
2022/06/01 13:12:47 [notice] 1#1: using the "epoll" event method
2022/06/01 13:12:47 [notice] 1#1: nginx/1.21.6
2022/06/01 13:12:47 [notice] 1#1: built by gcc 10.2.1 20210110 (Debian 10.2.1-6) 
2022/06/01 13:12:47 [notice] 1#1: OS: Linux 5.4.0-109-generic
2022/06/01 13:12:47 [notice] 1#1: getrlimit(RLIMIT_NOFILE): 1048576:1048576
2022/06/01 13:12:47 [notice] 1#1: start worker processes
2022/06/01 13:12:47 [notice] 1#1: start worker process 23
2022/06/01 13:12:49 [error] 23#23: *1 FastCGI sent in stderr: "Primary script unknown" while reading response header from upstream, client: 203.166.220.189, server: localhost, request: "GET /info.php HTTP/1.1", upstream: "fastcgi://172.23.0.2:9000", host: "159.75.219.167"
2022/06/01 13:12:55 [error] 23#23: *1 FastCGI sent in stderr: "Primary script unknown" while reading response header from upstream, client: 203.166.220.189, server: localhost, request: "GET /info.php HTTP/1.1", upstream: "fastcgi://172.23.0.2:9000", host: "159.75.219.167"
2022/06/01 13:13:21 [notice] 1#1: signal 3 (SIGQUIT) received, shutting down
2022/06/01 13:13:21 [notice] 23#23: gracefully shutting down
2022/06/01 13:13:21 [notice] 23#23: exiting
2022/06/01 13:13:21 [notice] 23#23: exit
2022/06/01 13:13:21 [notice] 1#1: signal 17 (SIGCHLD) received from 23
2022/06/01 13:13:21 [notice] 1#1: worker process 23 exited with code 0
2022/06/01 13:13:21 [notice] 1#1: exit
2022/06/01 13:13:25 [notice] 1#1: using the "epoll" event method
2022/06/01 13:13:25 [notice] 1#1: nginx/1.21.6
2022/06/01 13:13:25 [notice] 1#1: built by gcc 10.2.1 20210110 (Debian 10.2.1-6) 
2022/06/01 13:13:25 [notice] 1#1: OS: Linux 5.4.0-109-generic
2022/06/01 13:13:25 [notice] 1#1: getrlimit(RLIMIT_NOFILE): 1048576:1048576
2022/06/01 13:13:25 [notice] 1#1: start worker processes
2022/06/01 13:13:25 [notice] 1#1: start worker process 23
2022/06/01 13:19:18 [error] 23#23: *4 open() "/usr/share/nginx/html/editBlackAndWhiteList" failed (2: No such file or directory), client: 123.139.90.112, server: localhost, request: "POST /editBlackAndWhiteList HTTP/1.1", host: "159.75.219.167:90"
2022/06/01 13:22:38 [error] 23#23: *5 open() "/usr/share/nginx/html/robots.txt" failed (2: No such file or directory), client: 66.249.79.72, server: localhost, request: "GET /robots.txt HTTP/1.1", host: "m.99177.dgphb.com"
2022/06/01 13:22:38 [error] 23#23: *6 directory index of "/usr/share/nginx/html/" is forbidden, client: 66.249.79.69, server: localhost, request: "GET / HTTP/1.1", host: "m.99177.dgphb.com"
2022/06/01 13:33:53 [error] 23#23: *7 open() "/usr/share/nginx/html/robots.txt" failed (2: No such file or directory), client: 66.249.79.230, server: localhost, request: "GET /robots.txt HTTP/1.1", host: "m.3629.dgphb.com"
2022/06/01 13:33:57 [error] 23#23: *8 directory index of "/usr/share/nginx/html/" is forbidden, client: 66.249.79.232, server: localhost, request: "GET / HTTP/1.1", host: "m.3629.dgphb.com"
2022/06/01 13:38:38 [error] 23#23: *9 open() "/usr/share/nginx/html/robots.txt" failed (2: No such file or directory), client: 66.249.79.51, server: localhost, request: "GET /robots.txt HTTP/1.1", host: "62068.dgphb.com"
2022/06/01 13:38:40 [error] 23#23: *10 directory index of "/usr/share/nginx/html/" is forbidden, client: 66.249.79.51, server: localhost, request: "GET / HTTP/1.1", host: "62068.dgphb.com"
2022/06/01 13:39:31 [error] 23#23: *11 open() "/usr/share/nginx/html/robots.txt" failed (2: No such file or directory), client: 66.249.68.94, server: localhost, request: "GET /robots.txt HTTP/1.1", host: "m.19474.dgphb.com"
2022/06/01 13:39:31 [error] 23#23: *12 directory index of "/usr/share/nginx/html/" is forbidden, client: 66.249.68.94, server: localhost, request: "GET / HTTP/1.1", host: "m.19474.dgphb.com"
2022/06/01 13:41:45 [error] 23#23: *13 open() "/usr/share/nginx/html/editBlackAndWhiteList" failed (2: No such file or directory), client: 123.134.59.188, server: localhost, request: "POST /editBlackAndWhiteList HTTP/1.1", host: "167.219.75.159:80"
2022/06/01 13:43:01 [error] 23#23: *14 directory index of "/usr/share/nginx/html/" is forbidden, client: 163.177.13.2, server: localhost, request: "HEAD / HTTP/1.1", host: "159.75.219.167"
2022/06/01 13:45:08 [error] 23#23: *15 open() "/usr/share/nginx/html/robots.txt" failed (2: No such file or directory), client: 66.249.79.21, server: localhost, request: "GET /robots.txt HTTP/1.1", host: "m.7944.dgphb.com"
2022/06/01 13:45:09 [error] 23#23: *16 directory index of "/usr/share/nginx/html/" is forbidden, client: 66.249.79.21, server: localhost, request: "GET / HTTP/1.1", host: "m.7944.dgphb.com"
2022/06/01 13:49:05 [error] 23#23: *17 directory index of "/usr/share/nginx/html/" is forbidden, client: 193.124.7.9, server: localhost, request: "GET http://example.com/ HTTP/1.1", host: "example.com"
2022/06/01 13:50:45 [error] 23#23: *19 open() "/usr/share/nginx/html/robots.txt" failed (2: No such file or directory), client: 66.249.79.29, server: localhost, request: "GET /robots.txt HTTP/1.1", host: "m.28118.dgphb.com"
2022/06/01 13:50:46 [error] 23#23: *20 directory index of "/usr/share/nginx/html/" is forbidden, client: 66.249.79.25, server: localhost, request: "GET / HTTP/1.1", host: "m.28118.dgphb.com"
2022/06/01 13:54:10 [error] 23#23: *21 open() "/usr/share/nginx/html/favicon.ico" failed (2: No such file or directory), client: 223.104.68.44, server: localhost, request: "GET /favicon.ico HTTP/1.1", host: "159.75.219.167", referrer: "http://159.75.219.167/info.php"
2022/06/01 13:56:23 [error] 23#23: *24 open() "/usr/share/nginx/html/robots.txt" failed (2: No such file or directory), client: 66.249.79.222, server: localhost, request: "GET /robots.txt HTTP/1.1", host: "m.5944.dgphb.com"
2022/06/01 13:56:25 [error] 23#23: *25 directory index of "/usr/share/nginx/html/" is forbidden, client: 66.249.79.220, server: localhost, request: "GET / HTTP/1.1", host: "m.5944.dgphb.com"
2022/06/01 13:58:36 [notice] 1#1: signal 3 (SIGQUIT) received, shutting down
2022/06/01 13:58:36 [notice] 23#23: gracefully shutting down
2022/06/01 13:58:36 [notice] 23#23: exiting
2022/06/01 13:58:36 [notice] 23#23: exit
2022/06/01 13:58:36 [notice] 1#1: signal 17 (SIGCHLD) received from 23
2022/06/01 13:58:36 [notice] 1#1: worker process 23 exited with code 0
2022/06/01 13:58:36 [notice] 1#1: exit
2022/06/01 13:59:37 [notice] 1#1: using the "epoll" event method
2022/06/01 13:59:37 [notice] 1#1: nginx/1.21.6
2022/06/01 13:59:37 [notice] 1#1: built by gcc 10.2.1 20210110 (Debian 10.2.1-6) 
2022/06/01 13:59:37 [notice] 1#1: OS: Linux 5.4.0-109-generic
2022/06/01 13:59:37 [notice] 1#1: getrlimit(RLIMIT_NOFILE): 1048576:1048576
2022/06/01 13:59:37 [notice] 1#1: start worker processes
2022/06/01 13:59:37 [notice] 1#1: start worker process 23
2022/06/01 14:01:32 [notice] 1#1: signal 3 (SIGQUIT) received, shutting down
2022/06/01 14:01:32 [notice] 23#23: gracefully shutting down
2022/06/01 14:01:32 [notice] 23#23: exiting
2022/06/01 14:01:32 [notice] 23#23: exit
2022/06/01 14:01:32 [notice] 1#1: signal 17 (SIGCHLD) received from 23
2022/06/01 14:01:32 [notice] 1#1: worker process 23 exited with code 0
2022/06/01 14:01:32 [notice] 1#1: exit
2022/06/01 14:01:33 [notice] 1#1: using the "epoll" event method
2022/06/01 14:01:33 [notice] 1#1: nginx/1.21.6
2022/06/01 14:01:33 [notice] 1#1: built by gcc 10.2.1 20210110 (Debian 10.2.1-6) 
2022/06/01 14:01:33 [notice] 1#1: OS: Linux 5.4.0-109-generic
2022/06/01 14:01:33 [notice] 1#1: getrlimit(RLIMIT_NOFILE): 1048576:1048576
2022/06/01 14:01:33 [notice] 1#1: start worker processes
2022/06/01 14:01:33 [notice] 1#1: start worker process 23
2022/06/01 14:01:47 [notice] 1#1: signal 3 (SIGQUIT) received, shutting down
2022/06/01 14:01:47 [notice] 23#23: gracefully shutting down
2022/06/01 14:01:47 [notice] 23#23: exiting
2022/06/01 14:01:47 [notice] 23#23: exit
2022/06/01 14:01:47 [notice] 1#1: signal 17 (SIGCHLD) received from 23
2022/06/01 14:01:47 [notice] 1#1: worker process 23 exited with code 0
2022/06/01 14:01:47 [notice] 1#1: exit
2022/06/01 14:02:05 [notice] 1#1: using the "epoll" event method
2022/06/01 14:02:05 [notice] 1#1: nginx/1.21.6
2022/06/01 14:02:05 [notice] 1#1: built by gcc 10.2.1 20210110 (Debian 10.2.1-6) 
2022/06/01 14:02:05 [notice] 1#1: OS: Linux 5.4.0-109-generic
2022/06/01 14:02:05 [notice] 1#1: getrlimit(RLIMIT_NOFILE): 1048576:1048576
2022/06/01 14:02:05 [notice] 1#1: start worker processes
2022/06/01 14:02:05 [notice] 1#1: start worker process 23
2022/06/01 14:07:38 [error] 23#23: *4 open() "/usr/share/nginx/html/robots.txt" failed (2: No such file or directory), client: 66.249.79.106, server: localhost, request: "GET /robots.txt HTTP/1.1", host: "m.4199.dgphb.com"
2022/06/01 14:07:38 [error] 23#23: *5 open() "/usr/share/nginx/html/robots.txt" failed (2: No such file or directory), client: 66.249.68.75, server: localhost, request: "GET /robots.txt HTTP/1.1", host: "m.154094.dgphb.com"
2022/06/01 14:07:41 [error] 23#23: *6 directory index of "/usr/share/nginx/html/" is forbidden, client: 66.249.79.106, server: localhost, request: "GET / HTTP/1.1", host: "m.4199.dgphb.com"
2022/06/01 14:07:41 [error] 23#23: *7 directory index of "/usr/share/nginx/html/" is forbidden, client: 66.249.68.75, server: localhost, request: "GET / HTTP/1.1", host: "m.154094.dgphb.com"
2022/06/01 14:11:23 [notice] 1#1: signal 3 (SIGQUIT) received, shutting down
2022/06/01 14:11:23 [notice] 23#23: gracefully shutting down
2022/06/01 14:11:23 [notice] 23#23: exiting
2022/06/01 14:11:23 [notice] 23#23: exit
2022/06/01 14:11:23 [notice] 1#1: signal 17 (SIGCHLD) received from 23
2022/06/01 14:11:23 [notice] 1#1: worker process 23 exited with code 0
2022/06/01 14:11:23 [notice] 1#1: exit
2022/06/01 14:11:28 [notice] 1#1: using the "epoll" event method
2022/06/01 14:11:28 [notice] 1#1: nginx/1.21.6
2022/06/01 14:11:28 [notice] 1#1: built by gcc 10.2.1 20210110 (Debian 10.2.1-6) 
2022/06/01 14:11:28 [notice] 1#1: OS: Linux 5.4.0-109-generic
2022/06/01 14:11:28 [notice] 1#1: getrlimit(RLIMIT_NOFILE): 1048576:1048576
2022/06/01 14:11:28 [notice] 1#1: start worker processes
2022/06/01 14:11:28 [notice] 1#1: start worker process 23
2022/06/01 14:13:15 [error] 23#23: *7 open() "/usr/share/nginx/html/robots.txt" failed (2: No such file or directory), client: 66.249.79.202, server: localhost, request: "GET /robots.txt HTTP/1.1", host: "m.4407.dgphb.com"
2022/06/01 14:13:16 [error] 23#23: *8 directory index of "/usr/share/nginx/html/" is forbidden, client: 66.249.79.204, server: localhost, request: "GET / HTTP/1.1", host: "m.4407.dgphb.com"
2022/06/01 14:18:06 [error] 23#23: *19 directory index of "/usr/share/nginx/html/" is forbidden, client: 203.166.220.189, server: localhost, request: "GET / HTTP/1.1", host: "159.75.219.167"
2022/06/01 14:18:54 [error] 23#23: *21 open() "/usr/share/nginx/html/robots.txt" failed (2: No such file or directory), client: 66.249.68.59, server: localhost, request: "GET /robots.txt HTTP/1.1", host: "m.5341.dgphb.com"
2022/06/01 14:18:55 [error] 23#23: *22 directory index of "/usr/share/nginx/html/" is forbidden, client: 66.249.68.61, server: localhost, request: "GET / HTTP/1.1", host: "m.5341.dgphb.com"
2022/06/01 14:38:40 [error] 23#23: *24 open() "/usr/share/nginx/html/robots.txt" failed (2: No such file or directory), client: 66.249.79.205, server: localhost, request: "GET /robots.txt HTTP/1.1", host: "m.962.dgphb.com"
2022/06/01 14:38:42 [error] 23#23: *25 directory index of "/usr/share/nginx/html/" is forbidden, client: 66.249.79.203, server: localhost, request: "GET / HTTP/1.1", host: "m.962.dgphb.com"
2022/06/01 14:44:16 [error] 23#23: *26 open() "/usr/share/nginx/html/robots.txt" failed (2: No such file or directory), client: 66.249.68.47, server: localhost, request: "GET /robots.txt HTTP/1.1", host: "m.3900.dgphb.com"
2022/06/01 14:44:17 [error] 23#23: *27 directory index of "/usr/share/nginx/html/" is forbidden, client: 66.249.68.47, server: localhost, request: "GET / HTTP/1.1", host: "m.3900.dgphb.com"
2022/06/01 14:45:25 [error] 23#23: *28 open() "/usr/share/nginx/html/seas.htm" failed (2: No such file or directory), client: 203.166.220.189, server: localhost, request: "GET /seas.htm HTTP/1.1", host: "159.75.219.167"
2022/06/01 14:45:27 [error] 23#23: *28 open() "/usr/share/nginx/html/seas.html" failed (2: No such file or directory), client: 203.166.220.189, server: localhost, request: "GET /seas.html HTTP/1.1", host: "159.75.219.167"
2022/06/01 14:49:54 [error] 23#23: *30 open() "/usr/share/nginx/html/robots.txt" failed (2: No such file or directory), client: 66.249.68.87, server: localhost, request: "GET /robots.txt HTTP/1.1", host: "m.21945.dgphb.com"
2022/06/01 14:49:55 [error] 23#23: *31 directory index of "/usr/share/nginx/html/" is forbidden, client: 66.249.68.85, server: localhost, request: "GET / HTTP/1.1", host: "m.21945.dgphb.com"
2022/06/01 14:53:01 [error] 23#23: *32 directory index of "/usr/share/nginx/html/" is forbidden, client: 81.71.60.219, server: localhost, request: "GET / HTTP/1.1", host: "www.dgphb.com"
2022/06/01 14:55:31 [error] 23#23: *33 open() "/usr/share/nginx/html/robots.txt" failed (2: No such file or directory), client: 66.249.68.78, server: localhost, request: "GET /robots.txt HTTP/1.1", host: "m.107972.dgphb.com"
2022/06/01 14:55:32 [error] 23#23: *34 directory index of "/usr/share/nginx/html/" is forbidden, client: 66.249.68.76, server: localhost, request: "GET / HTTP/1.1", host: "m.107972.dgphb.com"
2022/06/01 15:08:39 [error] 23#23: *35 open() "/usr/share/nginx/html/robots.txt" failed (2: No such file or directory), client: 66.249.68.80, server: localhost, request: "GET /robots.txt HTTP/1.1", host: "42877.dgphb.com"
2022/06/01 15:08:40 [error] 23#23: *36 directory index of "/usr/share/nginx/html/" is forbidden, client: 66.249.68.80, server: localhost, request: "GET / HTTP/1.1", host: "42877.dgphb.com"
2022/06/01 15:16:09 [error] 23#23: *37 open() "/usr/share/nginx/html/robots.txt" failed (2: No such file or directory), client: 66.249.68.87, server: localhost, request: "GET /robots.txt HTTP/1.1", host: "m.6202.dgphb.com"
2022/06/01 15:16:10 [error] 23#23: *38 directory index of "/usr/share/nginx/html/" is forbidden, client: 66.249.68.89, server: localhost, request: "GET / HTTP/1.1", host: "m.6202.dgphb.com"
2022/06/01 15:17:45 [notice] 1#1: signal 3 (SIGQUIT) received, shutting down
2022/06/01 15:17:45 [notice] 23#23: gracefully shutting down
2022/06/01 15:17:45 [notice] 23#23: exiting
2022/06/01 15:17:45 [notice] 23#23: exit
2022/06/01 15:17:45 [notice] 1#1: signal 17 (SIGCHLD) received from 23
2022/06/01 15:17:45 [notice] 1#1: worker process 23 exited with code 0
2022/06/01 15:17:45 [notice] 1#1: exit
2022/06/01 15:18:19 [notice] 1#1: using the "epoll" event method
2022/06/01 15:18:19 [notice] 1#1: nginx/1.21.6
2022/06/01 15:18:19 [notice] 1#1: built by gcc 10.2.1 20210110 (Debian 10.2.1-6) 
2022/06/01 15:18:19 [notice] 1#1: OS: Linux 5.4.0-109-generic
2022/06/01 15:18:19 [notice] 1#1: getrlimit(RLIMIT_NOFILE): 1048576:1048576
2022/06/01 15:18:19 [notice] 1#1: start worker processes
2022/06/01 15:18:19 [notice] 1#1: start worker process 23
2022/06/01 15:23:39 [error] 23#23: *1 open() "/usr/share/nginx/html/robots.txt" failed (2: No such file or directory), client: 66.249.79.215, server: localhost, request: "GET /robots.txt HTTP/1.1", host: "m.54263.dgphb.com"
2022/06/01 15:23:40 [error] 23#23: *2 directory index of "/usr/share/nginx/html/" is forbidden, client: 66.249.79.213, server: localhost, request: "GET / HTTP/1.1", host: "m.54263.dgphb.com"
2022/06/01 15:31:09 [error] 23#23: *3 open() "/usr/share/nginx/html/robots.txt" failed (2: No such file or directory), client: 66.249.79.240, server: localhost, request: "GET /robots.txt HTTP/1.1", host: "m.89082.dgphb.com"
2022/06/01 15:31:10 [error] 23#23: *4 directory index of "/usr/share/nginx/html/" is forbidden, client: 66.249.79.242, server: localhost, request: "GET / HTTP/1.1", host: "m.89082.dgphb.com"
2022/06/01 15:34:27 [error] 23#23: *5 directory index of "/usr/share/nginx/html/" is forbidden, client: 37.0.10.187, server: localhost, request: "GET / HTTP/1.1", host: "159.75.219.167:80"
2022/06/01 15:34:34 [error] 23#23: *6 "/usr/share/nginx/html/HNAP1/index.php" is not found (2: No such file or directory), client: 37.0.10.187, server: localhost, request: "POST /HNAP1/ HTTP/1.1", host: "159.75.219.167:80"
2022/06/01 15:37:42 [error] 23#23: *7 directory index of "/usr/share/nginx/html/" is forbidden, client: 2.58.149.222, server: localhost, request: "GET / HTTP/1.1", host: "159.75.219.167:80"
2022/06/01 15:46:17 [error] 23#23: *13 FastCGI sent in stderr: "Primary script unknown" while reading response header from upstream, client: 183.46.202.171, server: localhost, request: "GET /paihangbang/install.php HTTP/1.1", upstream: "fastcgi://172.27.0.3:9000", host: "159.75.219.167"
2022/06/01 15:50:19 [error] 23#23: *26 FastCGI sent in stderr: "PHP message: 查询SELECT wp_时，WordPress数据库发生Unknown column 'wp_' in 'field list'错误" while reading response header from upstream, client: 183.46.202.171, server: localhost, request: "POST /paihangbang/wp-admin/setup-config.php?step=2 HTTP/1.1", upstream: "fastcgi://172.27.0.3:9000", host: "159.75.219.167", referrer: "http://159.75.219.167/paihangbang/wp-admin/setup-config.php?step=1&language=zh_CN"
2022/06/01 15:53:07 [error] 23#23: *39 "/usr/share/nginx/html/paihangbang/2022/06/01/hello-world/index.php" is not found (2: No such file or directory), client: 159.75.219.167, server: localhost, request: "GET /paihangbang/2022/06/01/hello-world/ HTTP/1.1", host: "159.75.219.167", referrer: "http://159.75.219.167/paihangbang/2022/06/01/hello-world/"
2022/06/01 15:53:07 [error] 23#23: *40 "/usr/share/nginx/html/paihangbang/index.php/2022/06/01/hello-world/index.php" is not found (20: Not a directory), client: 159.75.219.167, server: localhost, request: "GET /paihangbang/index.php/2022/06/01/hello-world/ HTTP/1.1", host: "159.75.219.167", referrer: "http://159.75.219.167/paihangbang/index.php/2022/06/01/hello-world/"
2022/06/01 15:53:33 [warn] 23#23: *36 an upstream response is buffered to a temporary file /var/cache/nginx/fastcgi_temp/1/00/0000000001 while reading upstream, client: 183.46.202.171, server: localhost, request: "GET /paihangbang/wp-admin/ HTTP/1.1", upstream: "fastcgi://172.27.0.3:9000", host: "159.75.219.167", referrer: "http://159.75.219.167/paihangbang/wp-login.php"
2022/06/01 15:53:33 [warn] 23#23: *51 an upstream response is buffered to a temporary file /var/cache/nginx/fastcgi_temp/2/00/0000000002 while reading upstream, client: 183.46.202.171, server: localhost, request: "GET /paihangbang/wp-admin/load-styles.php?c=0&dir=ltr&load%5Bchunk_0%5D=dashicons,admin-bar,site-health,common,forms,admin-menu,dashboard,list-tables,edit,revisions,media,themes,about,nav-menus,wp-poi&load%5Bchunk_1%5D=nter,widgets,site-icon,l10n,buttons,wp-auth-check&ver=6.0 HTTP/1.1", upstream: "fastcgi://172.27.0.3:9000", host: "159.75.219.167", referrer: "http://159.75.219.167/paihangbang/wp-admin/"
2022/06/01 15:53:33 [warn] 23#23: *53 an upstream response is buffered to a temporary file /var/cache/nginx/fastcgi_temp/3/00/0000000003 while reading upstream, client: 183.46.202.171, server: localhost, request: "GET /paihangbang/wp-admin/load-scripts.php?c=0&load%5Bchunk_0%5D=jquery-core,jquery-migrate,utils&ver=6.0 HTTP/1.1", upstream: "fastcgi://172.27.0.3:9000", host: "159.75.219.167", referrer: "http://159.75.219.167/paihangbang/wp-admin/"
2022/06/01 15:54:05 [error] 23#23: *66 open() "/usr/share/nginx/html/boaform/admin/formLogin" failed (2: No such file or directory), client: 202.164.137.119, server: localhost, request: "GET /boaform/admin/formLogin?username=admin&psd=admin HTTP/1.0"
2022/06/01 15:54:16 [warn] 23#23: *57 an upstream response is buffered to a temporary file /var/cache/nginx/fastcgi_temp/4/00/0000000004 while reading upstream, client: 183.46.202.171, server: localhost, request: "GET /paihangbang/wp-admin/load-scripts.php?c=1&load%5Bchunk_0%5D=jquery-core,jquery-migrate,utils&ver=6.0 HTTP/1.1", upstream: "fastcgi://172.27.0.3:9000", host: "159.75.219.167", referrer: "http://159.75.219.167/paihangbang/wp-admin/themes.php"
2022/06/01 15:54:16 [warn] 23#23: *53 an upstream response is buffered to a temporary file /var/cache/nginx/fastcgi_temp/5/00/0000000005 while reading upstream, client: 183.46.202.171, server: localhost, request: "GET /paihangbang/wp-admin/load-styles.php?c=1&dir=ltr&load%5Bchunk_0%5D=dashicons,admin-bar,common,forms,admin-menu,dashboard,list-tables,edit,revisions,media,themes,about,nav-menus,wp-pointer,widgets&load%5Bchunk_1%5D=,site-icon,l10n,buttons,wp-auth-check&ver=6.0 HTTP/1.1", upstream: "fastcgi://172.27.0.3:9000", host: "159.75.219.167", referrer: "http://159.75.219.167/paihangbang/wp-admin/themes.php"
2022/06/01 15:56:34 [warn] 23#23: *95 an upstream response is buffered to a temporary file /var/cache/nginx/fastcgi_temp/6/00/0000000006 while reading upstream, client: 183.46.202.171, server: localhost, request: "GET /paihangbang/wp-admin/load-styles.php?c=1&dir=ltr&load%5Bchunk_0%5D=dashicons,admin-bar,buttons,media-views,common,forms,admin-menu,dashboard,list-tables,edit,revisions,media,themes,about,nav-menu&load%5Bchunk_1%5D=s,wp-pointer,widgets,site-icon,l10n,wp-auth-check&ver=6.0 HTTP/1.1", upstream: "fastcgi://172.27.0.3:9000", host: "159.75.219.167", referrer: "http://159.75.219.167/paihangbang/wp-admin/upload.php"
2022/06/01 15:56:34 [warn] 23#23: *96 an upstream response is buffered to a temporary file /var/cache/nginx/fastcgi_temp/7/00/0000000007 while reading upstream, client: 183.46.202.171, server: localhost, request: "GET /paihangbang/wp-admin/load-scripts.php?c=1&load%5Bchunk_0%5D=jquery-core,jquery-migrate,utils,moxiejs,plupload&ver=6.0 HTTP/1.1", upstream: "fastcgi://172.27.0.3:9000", host: "159.75.219.167", referrer: "http://159.75.219.167/paihangbang/wp-admin/upload.php"
2022/06/01 15:57:03 [error] 23#23: *105 directory index of "/usr/share/nginx/html/" is forbidden, client: 111.7.100.25, server: localhost, request: "GET / HTTP/1.1", host: "www.dgphb.com"
2022/06/01 15:58:01 [warn] 23#23: *121 an upstream response is buffered to a temporary file /var/cache/nginx/fastcgi_temp/8/00/0000000008 while reading upstream, client: 183.46.202.171, server: localhost, request: "GET /paihangbang/wp-admin/load-styles.php?c=1&dir=ltr&load%5Bchunk_0%5D=dashicons,admin-bar,common,forms,admin-menu,dashboard,list-tables,edit,revisions,media,themes,about,nav-menus,wp-pointer,widgets&load%5Bchunk_1%5D=,site-icon,l10n,buttons&ver=6.0 HTTP/1.1", upstream: "fastcgi://172.27.0.3:9000", host: "159.75.219.167", referrer: "http://159.75.219.167/paihangbang/wp-admin/update-core.php"
2022/06/01 15:58:21 [warn] 23#23: *121 an upstream response is buffered to a temporary file /var/cache/nginx/fastcgi_temp/9/00/0000000009 while reading upstream, client: 183.46.202.171, server: localhost, request: "GET /paihangbang/wp-admin/load-styles.php?c=1&dir=ltr&load%5Bchunk_0%5D=dashicons,admin-bar,site-health,common,forms,admin-menu,dashboard,list-tables,edit,revisions,media,themes,about,nav-menus,wp-poi&load%5Bchunk_1%5D=nter,widgets,site-icon,l10n,buttons,wp-auth-check&ver=6.0 HTTP/1.1", upstream: "fastcgi://172.27.0.3:9000", host: "159.75.219.167", referrer: "http://159.75.219.167/paihangbang/wp-admin/index.php"
2022/06/01 16:08:41 [error] 23#23: *160 open() "/usr/share/nginx/html/robots.txt" failed (2: No such file or directory), client: 66.249.79.60, server: localhost, request: "GET /robots.txt HTTP/1.1", host: "m.1301.dgphb.com"
2022/06/01 16:08:41 [error] 23#23: *161 directory index of "/usr/share/nginx/html/" is forbidden, client: 66.249.79.60, server: localhost, request: "GET / HTTP/1.1", host: "m.1301.dgphb.com"
2022/06/01 16:09:30 [error] 23#23: *158 FastCGI sent in stderr: "Primary script unknown" while reading response header from upstream, client: 183.46.202.171, server: localhost, request: "GET /paihangbang/wp-login.php?redirect_to=http%3A%2F%2F159.75.219.167%2Fwp-admin%2F&reauth=1 HTTP/1.1", upstream: "fastcgi://172.27.0.3:9000", host: "159.75.219.167"
2022/06/01 16:10:21 [error] 23#23: *158 FastCGI sent in stderr: "Primary script unknown" while reading response header from upstream, client: 183.46.202.171, server: localhost, request: "POST /paihangbang/wp-login.php HTTP/1.1", upstream: "fastcgi://172.27.0.3:9000", host: "159.75.219.167", referrer: "http://159.75.219.167//wp-login.php?redirect_to=http%3A%2F%2F159.75.219.167%2Fwp-admin%2F&reauth=1"
2022/06/01 16:10:58 [error] 23#23: *158 open() "/usr/share/nginx/html/favicon.ico" failed (2: No such file or directory), client: 183.46.202.171, server: localhost, request: "GET /favicon.ico HTTP/1.1", host: "159.75.219.167", referrer: "http://159.75.219.167/paihangbang/wp-login.php"
2022/06/01 16:11:02 [error] 23#23: *173 "/usr/share/nginx/html/wp-admin/index.php" is not found (2: No such file or directory), client: 183.46.202.171, server: localhost, request: "GET /wp-admin/ HTTP/1.1", host: "159.75.219.167", referrer: "http://159.75.219.167//wp-login.php?redirect_to=http%3A%2F%2F159.75.219.167%2Fwp-admin%2F&reauth=1"
2022/06/01 16:11:18 [warn] 23#23: *173 an upstream response is buffered to a temporary file /var/cache/nginx/fastcgi_temp/0/01/0000000010 while reading upstream, client: 183.46.202.171, server: localhost, request: "GET /paihangbang/wp-admin/ HTTP/1.1", upstream: "fastcgi://172.27.0.3:9000", host: "159.75.219.167"
2022/06/01 16:11:43 [error] 23#23: *173 FastCGI sent in stderr: "PHP message: PHP Warning:  Unknown: failed to open stream: No such file or directory in Unknown on line 0Unable to open primary script: /usr/share/nginx/html/wp-login.php (No such file or directory)" while reading response header from upstream, client: 183.46.202.171, server: localhost, request: "GET /wp-login.php?redirect_to=http%3A%2F%2F159.75.219.167%2Fpaihangbang%2Fwp-admin%2Foptions-general.php%3Fsettings-updated%3Dtrue&reauth=1 HTTP/1.1", upstream: "fastcgi://172.27.0.3:9000", host: "159.75.219.167", referrer: "http://159.75.219.167/paihangbang/wp-admin/options-general.php"
2022/06/01 16:14:37 [warn] 23#23: *195 an upstream response is buffered to a temporary file /var/cache/nginx/fastcgi_temp/1/01/0000000011 while reading upstream, client: 183.46.202.171, server: localhost, request: "GET /wp-admin/load-scripts.php?c=1&load%5Bchunk_0%5D=jquery-core,jquery-migrate,utils&ver=6.0 HTTP/1.1", upstream: "fastcgi://172.27.0.3:9000", host: "159.75.219.167", referrer: "http://159.75.219.167/wp-admin/"
2022/06/01 16:14:37 [warn] 23#23: *197 an upstream response is buffered to a temporary file /var/cache/nginx/fastcgi_temp/2/01/0000000012 while reading upstream, client: 183.46.202.171, server: localhost, request: "GET /wp-admin/load-styles.php?c=1&dir=ltr&load%5Bchunk_0%5D=dashicons,admin-bar,site-health,common,forms,admin-menu,dashboard,list-tables,edit,revisions,media,themes,about,nav-menus,wp-poi&load%5Bchunk_1%5D=nter,widgets,site-icon,l10n,buttons,wp-auth-check&ver=6.0 HTTP/1.1", upstream: "fastcgi://172.27.0.3:9000", host: "159.75.219.167", referrer: "http://159.75.219.167/wp-admin/"
2022/06/01 16:14:49 [warn] 23#23: *200 an upstream response is buffered to a temporary file /var/cache/nginx/fastcgi_temp/3/01/0000000013 while reading upstream, client: 183.46.202.171, server: localhost, request: "GET /wp-admin/load-styles.php?c=1&dir=ltr&load%5Bchunk_0%5D=dashicons,admin-bar,common,forms,admin-menu,dashboard,list-tables,edit,revisions,media,themes,about,nav-menus,wp-pointer,widgets&load%5Bchunk_1%5D=,site-icon,l10n,buttons,wp-auth-check&ver=6.0 HTTP/1.1", upstream: "fastcgi://172.27.0.3:9000", host: "159.75.219.167", referrer: "http://159.75.219.167/wp-admin/themes.php"
2022/06/01 16:15:14 [warn] 23#23: *197 an upstream response is buffered to a temporary file /var/cache/nginx/fastcgi_temp/4/01/0000000014 while reading upstream, client: 183.46.202.171, server: localhost, request: "GET /wp-admin/customize.php?theme=twentytwentyone&return=http%3A%2F%2F159.75.219.167%2Fwp-admin%2Fthemes.php%3Ftheme%3Dtwentytwentyone HTTP/1.1", upstream: "fastcgi://172.27.0.3:9000", host: "159.75.219.167", referrer: "http://159.75.219.167/wp-admin/themes.php?theme=twentytwentyone"
2022/06/01 16:15:15 [warn] 23#23: *200 an upstream response is buffered to a temporary file /var/cache/nginx/fastcgi_temp/5/01/0000000015 while reading upstream, client: 183.46.202.171, server: localhost, request: "GET /wp-admin/load-styles.php?c=1&dir=ltr&load%5Bchunk_0%5D=dashicons,common,forms,admin-menu,dashboard,list-tables,edit,revisions,media,themes,about,nav-menus,wp-pointer,widgets,site-icon&load%5Bchunk_1%5D=,l10n,buttons,customize-controls,customize-widgets,wp-block-library,wp-block-library-theme,wp-components,wp-widgets,wp-block-edi&load%5Bchunk_2%5D=tor,wp-nux,wp-reusable-blocks,wp-editor,wp-reset-editor-styles,wp-editor-classic-layout-styles,wp-edit-blocks,wp-customize-widge&load%5Bchunk_3%5D=ts,wp-block-directory,wp-format-library,customize-nav-menus,media-views,code-editor,wp-color-picker&ver=6.0 HTTP/1.1", upstream: "fastcgi://172.27.0.3:9000", host: "159.75.219.167", referrer: "http://159.75.219.167/wp-admin/customize.php?theme=twentytwentyone&return=http%3A%2F%2F159.75.219.167%2Fwp-admin%2Fthemes.php%3Ftheme%3Dtwentytwentyone"
2022/06/01 16:15:15 [warn] 23#23: *198 an upstream response is buffered to a temporary file /var/cache/nginx/fastcgi_temp/6/01/0000000016 while reading upstream, client: 183.46.202.171, server: localhost, request: "GET /wp-admin/load-scripts.php?c=1&load%5Bchunk_0%5D=jquery-core,jquery-migrate,regenerator-runtime,wp-polyfill,wp-hooks,underscore,customize-base,wp-dom-ready&ver=6.0 HTTP/1.1", upstream: "fastcgi://172.27.0.3:9000", host: "159.75.219.167", referrer: "http://159.75.219.167/wp-admin/customize.php?theme=twentytwentyone&return=http%3A%2F%2F159.75.219.167%2Fwp-admin%2Fthemes.php%3Ftheme%3Dtwentytwentyone"
2022/06/01 16:16:09 [error] 23#23: *210 open() "/usr/share/nginx/html/robots.txt" failed (2: No such file or directory), client: 66.249.79.145, server: localhost, request: "GET /robots.txt HTTP/1.1", host: "8447.dgphb.com"
2022/06/01 16:23:38 [error] 23#23: *231 open() "/usr/share/nginx/html/robots.txt" failed (2: No such file or directory), client: 66.249.79.183, server: localhost, request: "GET /robots.txt HTTP/1.1", host: "m.225948.dgphb.com"
2022/06/01 16:38:49 [error] 23#23: *247 open() "/usr/share/nginx/html/robots.txt" failed (2: No such file or directory), client: 66.249.79.221, server: localhost, request: "GET /robots.txt HTTP/1.1", host: "76125.dgphb.com"
2022/06/01 16:52:51 [error] 23#23: *274 open() "/usr/share/nginx/html/robots.txt" failed (2: No such file or directory), client: 66.249.79.227, server: localhost, request: "GET /robots.txt HTTP/1.1", host: "60001.dgphb.com"
2022/06/01 16:52:51 [error] 23#23: *275 open() "/usr/share/nginx/html/robots.txt" failed (2: No such file or directory), client: 66.249.79.19, server: localhost, request: "GET /robots.txt HTTP/1.1", host: "m.40078.dgphb.com"
2022/06/01 16:52:53 [error] 23#23: *280 open() "/usr/share/nginx/html/robots.txt" failed (2: No such file or directory), client: 66.249.68.77, server: localhost, request: "GET /robots.txt HTTP/1.1", host: "m.92010.dgphb.com"
2022/06/01 17:07:39 [error] 23#23: *283 open() "/usr/share/nginx/html/robots.txt" failed (2: No such file or directory), client: 66.249.68.9, server: localhost, request: "GET /robots.txt HTTP/1.1", host: "m.7309.dgphb.com"
2022/06/01 17:08:49 [error] 23#23: *286 open() "/usr/share/nginx/html/robots.txt" failed (2: No such file or directory), client: 66.249.79.204, server: localhost, request: "GET /robots.txt HTTP/1.1", host: "m.60391.dgphb.com"
2022/06/01 17:20:07 [error] 23#23: *291 open() "/usr/share/nginx/html/robots.txt" failed (2: No such file or directory), client: 66.249.79.235, server: localhost, request: "GET /robots.txt HTTP/1.1", host: "m.72946.dgphb.com"
2022/06/01 17:37:51 [error] 23#23: *303 open() "/usr/share/nginx/html/robots.txt" failed (2: No such file or directory), client: 66.249.79.125, server: localhost, request: "GET /robots.txt HTTP/1.1", host: "m.62195.dgphb.com"
2022/06/01 17:56:05 [error] 23#23: *308 open() "/usr/share/nginx/html/robots.txt" failed (2: No such file or directory), client: 66.249.79.5, server: localhost, request: "GET /robots.txt HTTP/1.1", host: "274037.dgphb.com"
2022/06/01 17:56:05 [error] 23#23: *309 open() "/usr/share/nginx/html/robots.txt" failed (2: No such file or directory), client: 66.249.79.142, server: localhost, request: "GET /robots.txt HTTP/1.1", host: "m.55206.dgphb.com"
2022/06/01 18:06:52 [error] 23#23: *317 open() "/usr/share/nginx/html/seas.htm" failed (2: No such file or directory), client: 81.71.60.110, server: localhost, request: "GET /seas.htm HTTP/1.1", host: "159.75.219.167"
2022/06/01 18:08:49 [error] 23#23: *318 open() "/usr/share/nginx/html/robots.txt" failed (2: No such file or directory), client: 66.249.79.200, server: localhost, request: "GET /robots.txt HTTP/1.1", host: "36358.dgphb.com"
2022/06/01 18:39:51 [warn] 23#23: *346 an upstream response is buffered to a temporary file /var/cache/nginx/fastcgi_temp/7/01/0000000017 while reading upstream, client: 183.46.202.171, server: localhost, request: "GET /wp-admin/load-scripts.php?c=1&load%5Bchunk_0%5D=jquery-core,jquery-migrate,utils,zxcvbn-async&ver=6.0 HTTP/1.1", upstream: "fastcgi://172.27.0.3:9000", host: "159.75.219.167", referrer: "http://159.75.219.167/wp-admin/profile.php"
2022/06/01 18:42:56 [warn] 23#23: *371 an upstream response is buffered to a temporary file /var/cache/nginx/fastcgi_temp/8/01/0000000018 while reading upstream, client: 183.46.202.171, server: localhost, request: "GET /wp-admin/load-styles.php?c=1&dir=ltr&load%5Bchunk_0%5D=dashicons,admin-bar,code-editor,common,forms,admin-menu,dashboard,list-tables,edit,revisions,media,themes,about,nav-menus,wp-poi&load%5Bchunk_1%5D=nter,widgets,site-icon,l10n,buttons,wp-auth-check&ver=6.0 HTTP/1.1", upstream: "fastcgi://172.27.0.3:9000", host: "159.75.219.167", referrer: "http://159.75.219.167/wp-admin/theme-editor.php"
2022/06/01 18:42:56 [warn] 23#23: *373 an upstream response is buffered to a temporary file /var/cache/nginx/fastcgi_temp/9/01/0000000019 while reading upstream, client: 183.46.202.171, server: localhost, request: "GET /wp-admin/load-scripts.php?c=1&load%5Bchunk_0%5D=jquery-core,jquery-migrate,hoverIntent,utils,regenerator-runtime,wp-polyfill,wp-hooks&ver=6.0 HTTP/1.1", upstream: "fastcgi://172.27.0.3:9000", host: "159.75.219.167", referrer: "http://159.75.219.167/wp-admin/theme-editor.php"
2022/06/01 18:44:17 [warn] 23#23: *373 an upstream response is buffered to a temporary file /var/cache/nginx/fastcgi_temp/0/02/0000000020 while reading upstream, client: 183.46.202.171, server: localhost, request: "GET /wp-admin/load-styles.php?c=1&dir=ltr&load%5Bchunk_0%5D=dashicons,admin-bar,common,forms,admin-menu,dashboard,list-tables,edit,revisions,media,themes,about,nav-menus,wp-pointer,widgets&load%5Bchunk_1%5D=,site-icon,l10n,buttons&ver=6.0 HTTP/1.1", upstream: "fastcgi://172.27.0.3:9000", host: "159.75.219.167", referrer: "http://159.75.219.167/wp-admin/update-core.php"
2022/06/01 18:47:50 [error] 23#23: *417 open() "/usr/share/nginx/html/robots.txt" failed (2: No such file or directory), client: 66.249.68.30, server: localhost, request: "GET /robots.txt HTTP/1.1", host: "m.54721.dgphb.com"
2022/06/01 18:48:59 [warn] 23#23: *427 an upstream response is buffered to a temporary file /var/cache/nginx/fastcgi_temp/1/02/0000000021 while reading upstream, client: 183.46.202.171, server: localhost, request: "POST /wp-admin/admin-ajax.php HTTP/1.1", upstream: "fastcgi://172.27.0.3:9000", host: "159.75.219.167", referrer: "http://159.75.219.167/wp-admin/theme-install.php?search=cate"
2022/06/01 19:08:49 [error] 23#23: *438 open() "/usr/share/nginx/html/robots.txt" failed (2: No such file or directory), client: 66.249.79.50, server: localhost, request: "GET /robots.txt HTTP/1.1", host: "5961.dgphb.com"
2022/06/01 19:32:50 [error] 23#23: *445 open() "/usr/share/nginx/html/robots.txt" failed (2: No such file or directory), client: 66.249.79.187, server: localhost, request: "GET /robots.txt HTTP/1.1", host: "m.1883.dgphb.com"
2022/06/01 20:08:50 [error] 23#23: *451 open() "/usr/share/nginx/html/robots.txt" failed (2: No such file or directory), client: 66.249.79.43, server: localhost, request: "GET /robots.txt HTTP/1.1", host: "m.8570.dgphb.com"
2022/06/01 20:31:20 [error] 23#23: *454 open() "/usr/share/nginx/html/robots.txt" failed (2: No such file or directory), client: 66.249.79.25, server: localhost, request: "GET /robots.txt HTTP/1.1", host: "m.28118.dgphb.com"
2022/06/01 20:32:04 [error] 23#23: *455 open() "/usr/share/nginx/html/boaform/admin/formLogin" failed (2: No such file or directory), client: 103.161.17.72, server: localhost, request: "POST /boaform/admin/formLogin HTTP/1.1", host: "159.75.219.167:80", referrer: "http://159.75.219.167:80/admin/login.asp"
2022/06/01 20:53:51 [error] 23#23: *470 open() "/usr/share/nginx/html/robots.txt" failed (2: No such file or directory), client: 66.249.68.56, server: localhost, request: "GET /robots.txt HTTP/1.1", host: "42470.dgphb.com"
2022/06/01 21:16:20 [error] 23#23: *480 open() "/usr/share/nginx/html/robots.txt" failed (2: No such file or directory), client: 66.249.68.7, server: localhost, request: "GET /robots.txt HTTP/1.1", host: "vecy.dgphb.com"
2022/06/01 21:38:50 [error] 23#23: *489 open() "/usr/share/nginx/html/robots.txt" failed (2: No such file or directory), client: 66.249.79.177, server: localhost, request: "GET /robots.txt HTTP/1.1", host: "m.670.dgphb.com"
2022/06/01 21:52:14 [error] 23#23: *494 open() "/usr/share/nginx/html/robots.txt" failed (2: No such file or directory), client: 66.249.79.27, server: localhost, request: "GET /robots.txt HTTP/1.1", host: "m.161237.dgphb.com"
2022/06/01 22:05:38 [error] 23#23: *505 open() "/usr/share/nginx/html/robots.txt" failed (2: No such file or directory), client: 66.249.79.121, server: localhost, request: "GET /robots.txt HTTP/1.1", host: "m.638.dgphb.com"
2022/06/01 22:14:20 [error] 23#23: *515 open() "/usr/share/nginx/html/favicon.ico" failed (2: No such file or directory), client: 223.73.212.116, server: localhost, request: "GET /favicon.ico HTTP/1.1", host: "159.75.219.167", referrer: "http://159.75.219.167/"
2022/06/01 22:15:37 [error] 23#23: *527 open() "/usr/share/nginx/html/favicon.ico" failed (2: No such file or directory), client: 223.73.212.116, server: localhost, request: "GET /favicon.ico HTTP/1.1", host: "159.75.219.167", referrer: "http://159.75.219.167/?cat=1"
2022/06/01 22:32:28 [error] 23#23: *533 open() "/usr/share/nginx/html/robots.txt" failed (2: No such file or directory), client: 66.249.68.71, server: localhost, request: "GET /robots.txt HTTP/1.1", host: "m.35213.dgphb.com"
